// Jest Snapshot v1, https://goo.gl/fbAQLP

exports[`App component renders App 1`] = `
<DocumentFragment>
  <h1>
    Reading Makes you Smarter
  </h1>
  <p>
    Loading...
  </p>
</DocumentFragment>
`;
