// Jest Snapshot v1, https://goo.gl/fbAQLP

exports[`Article displays an article 1`] = `
<p>
  article description
</p>
`;
